Microchip MPLAB XC8 Compiler V2.41

Linker command line:

-W-3 \
  --edf=C:/Program Files/Microchip/MPLABX/v6.10/packs/Microchip/PIC16Fxxx_DFP/1.4.149/xc8\pic\dat\20230322214319_en.msgs \
  -cn -h+dist/default/debug\PCF8574_8BIT.X.debug.sym \
  --cmf=dist/default/debug\PCF8574_8BIT.X.debug.cmf -z -Q16F887 \
  -oC:\Users\DELL\AppData\Local\Temp\xcAsdhk.\driver_tmp_3.o \
  --defsym=__MPLAB_BUILD=1 --fixupoverflow=error \
  -Mdist/default/debug/PCF8574_8BIT.X.debug.map \
  --md=C:\Users\DELL\AppData\Local\Temp\xcAsdhk.\driver_tmp_0.dat -E1 \
  -ver=XC8 Compiler --acfsm=1493 -ACODE=00h-07FFhx4 -ASTRCODE=00h-01FFFh \
  -ASTRING=00h-0FFhx32 -ACONST=00h-0FFhx32 -AENTRY=00h-0FFhx32 \
  -ACOMMON=070h-07Fh -ABANK0=020h-06Fh -ABANK1=0A0h-0EFh \
  -ABANK2=0110h-016Fh -ABANK3=0190h-01EFh \
  -ARAM=020h-06Fh,0A0h-0EFh,0110h-016Fh,0190h-01EFh \
  -AABS1=020h-07Fh,0A0h-0EFh,0110h-016Fh,0190h-01EFh -ASFR0=00h-01Fh \
  -ASFR1=080h-09Fh -ASFR2=0100h-010Fh -ASFR3=0180h-018Fh \
  -ACONFIG=02007h-02008h -DCONFIG=2 -AIDLOC=02000h-02003h -DIDLOC=2 \
  -AEEDATA=00h-0FFh/02100h -peeprom_data=EEDATA -DEEDATA=2 -DCODE=2 \
  -DSTRCODE=2 -DSTRING=2 -DCONST=2 -DENTRY=2 \
  -preset_vec=00h,intentry,init,end_init -ppowerup=CODE -pcinit=CODE \
  -pfunctab=ENTRY -k \
  C:\Users\DELL\AppData\Local\Temp\xcAsdhk.\driver_tmp_12.o \
  dist/default/debug\PCF8574_8BIT.X.debug.o 

Object code version is 3.11

Machine type is 16F887



                Name                               Link     Load   Length Selector   Space Scale
C:\Users\DELL\AppData\Local\Temp\xcAsdhk.\driver_tmp_12.o
                end_init                              0        0        3        0       0
                config                             2007     2007        2        0       4
dist/default/debug\PCF8574_8BIT.X.debug.o
                cinit                               7FC      7FC        4      FF8       0
                config                             2007     2007        2        0       4
                text8                               71D      71D        C      E3A       0
                text7                               70D      70D        8      E1A       0
                text6                               715      715        8      E2A       0
                text5                               729      729       10      E52       0
                text4                               74A      74A       18      E94       0
                text3                               739      739       11      E72       0
                text2                               762      762       19      EC4       0
                text1                               77B      77B       23      EF6       0
                maintext                            79E      79E       5E      F3C       0
                cstackCOMMON                         70       70        8       70       1
                strings                               3        3        E        6       0

TOTAL           Name                               Link     Load   Length     Space
        CLASS   CODE           
                end_init                              0        0        3         0
                cinit                               7FC      7FC        4         0
                text8                               71D      71D        C         0
                text7                               70D      70D        8         0
                text6                               715      715        8         0
                text5                               729      729       10         0
                text4                               74A      74A       18         0
                text3                               739      739       11         0
                text2                               762      762       19         0
                text1                               77B      77B       23         0
                maintext                            79E      79E       5E         0

        CLASS   STRCODE        

        CLASS   STRING         
                strings                               3        3        E         0

        CLASS   CONST          

        CLASS   ENTRY          

        CLASS   COMMON         
                cstackCOMMON                         70       70        8         1

        CLASS   BANK0          

        CLASS   BANK1          

        CLASS   BANK2          

        CLASS   BANK3          

        CLASS   RAM            

        CLASS   ABS1           
                abs_s1                               7E       7E        2         1

        CLASS   SFR0           

        CLASS   SFR1           

        CLASS   SFR2           

        CLASS   SFR3           

        CLASS   CONFIG         
                config                             2007     2007        2         4

        CLASS   IDLOC          

        CLASS   EEDATA         

        CLASS   STACK          



SEGMENTS        Name                           Load    Length   Top    Selector   Space  Class     Delta

                reset_vec                      000000  000003  000003         0       0  CODE        2
                strings                        000003  00000E  000011         6       0  STRING      2
                cstackCOMMON                   000070  000008  000078        70       1  COMMON      1
                text7                          00070D  000008  000715       E1A       0  CODE        2
                text6                          000715  000008  00071D       E2A       0  CODE        2
                text8                          00071D  00000C  000729       E3A       0  CODE        2
                text5                          000729  000010  000739       E52       0  CODE        2
                text3                          000739  000011  00074A       E72       0  CODE        2
                text4                          00074A  000018  000762       E94       0  CODE        2
                text2                          000762  000019  00077B       EC4       0  CODE        2
                text1                          00077B  000023  00079E       EF6       0  CODE        2
                maintext                       00079E  00005E  0007FC       F3C       0  CODE        2
                cinit                          0007FC  000004  000800       FF8       0  CODE        2


UNUSED ADDRESS RANGES

        Name                Unused          Largest block    Delta
        BANK0            0020-006F             50           1
        BANK1            00A0-00EF             50           1
        BANK2            0110-016F             60           1
        BANK3            0190-01EF             60           1
        CODE             0011-070C            6FC           2
                         0800-1FFF            800
        COMMON           0078-007D              6           1
        CONST            0011-070C            100           2
                         0800-1FFF            100
        EEDATA           2100-21FF            100           2
        ENTRY            0011-070C            100           2
                         0800-1FFF            100
        IDLOC            2000-2003              4           2
        RAM              0020-006F             50           1
                         00A0-00EF             50
                         0110-016F             60
                         0190-01EF             60
        SFR0             0000-001F             20           1
        SFR1             0080-009F             20           1
        SFR2             0100-010F             10           1
        SFR3             0180-018F             10           1
        STRCODE          0011-070C            6FC           2
                         0800-1FFF           1800
        STRING           0011-070C            100           2
                         0800-1FFF            100

                                  Symbol Table

_ACKSTAT                 (abs)        048E
_ANSEL                   (abs)        0188
_ANSELH                  (abs)        0189
_BF                      (abs)        04A0
_PEN                     (abs)        048A
_PORTA                   (abs)        0005
_PORTC                   (abs)        0007
_RA0                     (abs)        0028
_RA1                     (abs)        0029
_RC0                     (abs)        0038
_RC1                     (abs)        0039
_SEN                     (abs)        0488
_SSPBUF                  (abs)        0013
_SSPCON                  (abs)        0014
_SSPCON2                 (abs)        0091
_SSPSTAT                 (abs)        0094
_TRISA                   (abs)        0085
_TRISC                   (abs)        0087
__H__absolute__          __absolute__ 0000
__Habs1                  abs1         0000
__Hbank0                 bank0        0000
__Hbank1                 bank1        0000
__Hbank2                 bank2        0000
__Hbank3                 bank3        0000
__Hcinit                 cinit        0800
__Hclrtext               clrtext      0000
__Hcode                  code         0000
__Hcommon                common       0000
__Hconfig                config       2009
__HcstackCOMMON          cstackCOMMON 0000
__Heeprom_data           eeprom_data  0000
__Hend_init              end_init     0003
__Hfunctab               functab      0000
__Hinit                  init         0000
__Hintentry              intentry     0000
__Hmaintext              maintext     0000
__Hpowerup               powerup      0000
__Hram                   ram          0000
__Hreset_vec             reset_vec    0000
__Hsfr0                  sfr0         0000
__Hsfr1                  sfr1         0000
__Hsfr2                  sfr2         0000
__Hsfr3                  sfr3         0000
__Hspace_0               (abs)        0800
__Hspace_1               (abs)        0078
__Hspace_2               (abs)        0000
__Hspace_3               (abs)        0000
__Hspace_4               (abs)        4010
__Hstack                 stack        0000
__Hstrings               strings      0000
__Htext                  text         0000
__L__absolute__          __absolute__ 0000
__Labs1                  abs1         0000
__Lbank0                 bank0        0000
__Lbank1                 bank1        0000
__Lbank2                 bank2        0000
__Lbank3                 bank3        0000
__Lcinit                 cinit        07FC
__Lclrtext               clrtext      0000
__Lcode                  code         0000
__Lcommon                common       0000
__Lconfig                config       0000
__LcstackCOMMON          cstackCOMMON 0000
__Leeprom_data           eeprom_data  0000
__Lend_init              end_init     0000
__Lfunctab               functab      0000
__Linit                  init         0000
__Lintentry              intentry     0000
__Lmaintext              maintext     0000
__Lpowerup               powerup      0000
__Lram                   ram          0000
__Lreset_vec             reset_vec    0000
__Lsfr0                  sfr0         0000
__Lsfr1                  sfr1         0000
__Lsfr2                  sfr2         0000
__Lsfr3                  sfr3         0000
__Lspace_0               (abs)        0000
__Lspace_1               (abs)        0000
__Lspace_2               (abs)        0000
__Lspace_3               (abs)        0000
__Lspace_4               (abs)        0000
__Lstack                 stack        0000
__Lstrings               strings      0000
__Ltext                  text         0000
__S0                     (abs)        0800
__S1                     (abs)        0078
__S3                     (abs)        0000
___int_sp                stack        0000
___latbits               (abs)        0002
___sp                    stack        0000
___stackhi               (abs)        0000
___stacklo               (abs)        0000
__end_of__initialization cinit        07FC
__end_of__stringtab      strings      0009
__end_of_cmd             text2        077B
__end_of_i2c_ins         text8        0729
__end_of_i2c_st          text7        0715
__end_of_i2c_stop        text6        071D
__end_of_i2c_write       text5        0739
__end_of_lcd             text4        0762
__end_of_main            maintext     07FC
__end_of_puls            text3        074A
__end_of_st              text1        079E
__initialization         cinit        07FC
__pcstackCOMMON          cstackCOMMON 0070
__pmaintext              maintext     079E
__pstrings               strings      0003
__ptext1                 text1        077B
__ptext2                 text2        0762
__ptext3                 text3        0739
__ptext4                 text4        074A
__ptext5                 text5        0729
__ptext6                 text6        0715
__ptext7                 text7        070D
__ptext8                 text8        071D
__stringbase             strings      0008
__stringtab              strings      0003
_cmd                     text2        0762
_i2c_ins                 text8        071D
_i2c_st                  text7        070D
_i2c_stop                text6        0715
_i2c_write               text5        0729
_lcd                     text4        074A
_main                    maintext     079E
_puls                    text3        0739
_st                      text1        077B
btemp                    (abs)        007E
cmd@add                  cstackCOMMON 0074
cmd@command              cstackCOMMON 0075
cmd@data                 cstackCOMMON 0073
end_of_initialization    cinit        07FC
i2c_write@data           cstackCOMMON 0070
intlevel0                functab      0000
intlevel1                functab      0000
intlevel2                functab      0000
intlevel3                functab      0000
intlevel4                functab      0000
intlevel5                functab      0000
lcd@add                  cstackCOMMON 0071
lcd@data                 cstackCOMMON 0072
reset_vec                reset_vec    0000
st@add                   cstackCOMMON 0076
st@data                  cstackCOMMON 0077
start                    init         0000
start_initialization     cinit        07FC
wtemp0                   (abs)        007E


MODULE INFORMATION

Module		Function		Class		Link	Load	Size
shared
		__stringtab    		STRING         	0003	0000	6
		__initialization		CODE           	07FC	0000	1

shared estimated size: 7

PCF8574_8_BIT.c
		_main          		CODE           	079E	0000	94
		_puls          		CODE           	0739	0000	17
		_i2c_st        		CODE           	070D	0000	8
		_i2c_write     		CODE           	0729	0000	16
		_lcd           		CODE           	074A	0000	24
		_i2c_ins       		CODE           	071D	0000	12
		_i2c_stop      		CODE           	0715	0000	8
		_cmd           		CODE           	0762	0000	25
		_st            		CODE           	077B	0000	35

PCF8574_8_BIT.c estimated size: 239

